[news.cgtn.com/news/2025-10-05/Xin/p.html]
[backblue.gif]
[fade.gif]
[index.html]
[news.cgtn.com/news/2025-10-05/Xin/img/124fe904143e4d6ca61e4348be3428ff/124fe904143e4d6ca61e4348be3428ff-1920dae2.png]
[news.cgtn.com/news/2025-10-05/Xin/img/124fe904143e4d6ca61e4348be3428ff/124fe904143e4d6ca61e4348be3428ff-1920.png]
[news.cgtn.com/resource/default/img/icon.png]
[news.cgtn.com/news/2025-10-05/Xin/share_amp.html]
[www.cgtn.com/favicon.ico]
[www.facebook.com/ChinaGlobalTVNetwork.html]
[ui.cgtn.com/static/public/vendor/slick/slick.css]
[ui.cgtn.com/static/public/vendor/slick/slick-theme.css]
[ui.cgtn.com/static/public/vendor/swiper-6.1.2/swiper.min.css]
[ui.cgtn.com/static/public/vendor/floatPlayer/css/style.css]
[global-ui.cgtn.com/static/public/website_v3/css/header-v3-3.0.35771.css]
[ui.cgtn.com/static/public/website_v3/css/footer-v3-3.0.35771.css]
[ui.cgtn.com/static/public/web_share_v3/css/shareStyle-v3-3.0.35771.css]
[ui.cgtn.com/static/public/website_v3/css/tools-3.0.35771.css]
[ui.cgtn.com/ui/audio/style.css]
[ui.cgtn.com/ui/vrplayer/videojs5/video-js.css]
[ui.cgtn.com/ui/vrplayer/panorama/videojs-panorama.css]
[ui.cgtn.com/static/public/website_v3/js/unsupp.js]
[www.google-analytics.com/analytics.js]
[news.cgtn.com/news/2025-10-05/Xin/webTracker.set]
[ui.cgtn.com/static/public/images/icon/earth@2x.png]
[ui.cgtn.com/static/public/images/share_icon/facebook@3x.png]
[ui.cgtn.com/static/public/images/share_icon/twitter@3x.png]
[ui.cgtn.com/static/public/images/share_icon/weibo@3x.png]
[ui.cgtn.com/static/public/images/share_icon/wechat@3x.png]
[news.cgtn.com/news/2025-10-05/Xin/qrcode.png]
[ui.cgtn.com/static/public/images/share_icon/mail@3x.png]
[ui.cgtn.com/static/public/images/share_icon/copy@3x.png]
[news.cgtn.com/news/2025-10-05/Xin/img/124fe904143e4d6ca61e4348be3428ff/124fe904143e4d6ca61e4348be3428ff.png]
[ui.cgtn.com/static/public/images/share_icon/about-news.png]
[ui.cgtn.com/static/public/images/share_icon/about-news-for-pad.png]
[ui.cgtn.com/static/public/images/gwab.png]
[ui.cgtn.com/static/public/vendor/jquery.min.js]
[ui.cgtn.com/static/public/vendor/jwplayer/jwplayer.js]
[ui.cgtn.com/ui/vrplayer/videojs5/video.js]
[ui.cgtn.com/ui/vrplayer/three.js]
[ui.cgtn.com/ui/vrplayer/panorama/videojs-panorama.v5.js]
[ui.cgtn.com/ui/360vr/index.js]
[ui.cgtn.com/static/public/vendor/slick/slick.min.js]
[ui.cgtn.com/static/public/vendor/swiper-6.1.2/swiper.min.js]
[ui.cgtn.com/static/public/vendor/jquery.lazyload.min.js]
[ui.cgtn.com/static/public/vendor/floatPlayer/js/floatPlayer.js]
[ui.cgtn.com/static/public/vendor/clipboard.min.js]
[ui.cgtn.com/static/public/vendor/intersection-observer.js]
[ui.cgtn.com/ui/audio/audio.js]
[global-ui.cgtn.com/static/public/web_share/js/location.js]
[news.cgtn.com/news/2025-10-05/Xin/p.html]
[ui.cgtn.com/static/public/web_share_v3/js/share-v3-3.0.35771.js]
[cdn.ampproject.org/v0.js]
[cdn.ampproject.org/v0/amp-audio-0.1.js]
[cdn.ampproject.org/v0/amp-carousel-0.1.js]
[cdn.ampproject.org/v0/amp-video-0.1.js]
[cdn.ampproject.org/v0/amp-bind-0.1.js]
[cdn.ampproject.org/v0/amp-iframe-0.1.js]
[cdn.ampproject.org/v0/amp-fit-text-0.1.js]
[cdn.ampproject.org/v0/amp-lightbox-gallery-0.1.js]
[cdn.ampproject.org/v0/amp-list-0.1.js]
[cdn.ampproject.org/v0/amp-mustache-0.2.js]
[cdn.ampproject.org/v0/amp-analytics-0.1.js]
[ui.cgtn.com/static/public/images/share_icon/tumblr@3x.png]
[news.cgtn.com/news/2025-10-05/Xin/{{contents.0.shareBody.shareUrl}}]
[news.cgtn.com/news/2025-10-05/Xin/{{contents.0.pictures.0.thumbnailUrl}}]
[news.cgtn.com/news/2025-10-05/Xin/{{contents.0.videos.0.picture.thumbnailUrl}}]
[news.cgtn.com/news/2025-10-05/Xin/share_amp.html]
[static.xx.fbcdn.net/rsrc.php/v4/yl/r/MpdfZ1mwXmC.png]
[static.xx.fbcdn.net/rsrc.php/v4/ys/r/uvau2ZhqVkD.png]
[static.xx.fbcdn.net/rsrc.php/v4/yE/r/hXLpopTsiHV.png]
[static.xx.fbcdn.net/rsrc.php/v4/yQ/r/U-w7kFfb7fy.png]
[www.facebook.com/theaustralian.com.html]
[www.facebook.com/wui/action/indexe568.html]
[www.facebook.com/news.com.html]
[www.facebook.com/wui/action/indexcc44.html]
[www.facebook.com/wui/action/index9e28.html]
[www.facebook.com/kollosche.com.html]
[www.facebook.com/ChinaGlobalTVNetwork.html]
[ui.cgtn.com/static/public/vendor/slick/slick.css]
[www.facebook.com/awstrack.html]
[ui.cgtn.com/static/public/vendor/slick/ajax-loader.gif]
[ui.cgtn.com/static/public/vendor/slick/fonts/slick.eot]
[ui.cgtn.com/static/public/vendor/slick/fonts/slickd41d.eot]
[ui.cgtn.com/static/public/vendor/slick/fonts/slick.woff]
[ui.cgtn.com/static/public/vendor/slick/fonts/slick.ttf]
[ui.cgtn.com/static/public/vendor/slick/fonts/slick.svg]
[ui.cgtn.com/static/public/vendor/slick/imgs/icon-left-arrow@2x.png]
[ui.cgtn.com/static/public/vendor/slick/imgs/icon-right-arrow@2x.png]
[ui.cgtn.com/static/public/vendor/slick/slick-theme.css]
[ui.cgtn.com/static/public/vendor/swiper-6.1.2/swiper.min.css]
[ui.cgtn.com/static/public/images/icon_new/common/cg_play_60.png]
[ui.cgtn.com/static/public/vendor/floatPlayer/css/style.css]
[global-ui.cgtn.com/static/public/images//location.png]
[global-ui.cgtn.com/static/public/images//search.png]
[global-ui.cgtn.com/static/public/images/header-v3/img_logo.png]
[global-ui.cgtn.com/static/public/images/header-v3/rss.png]
[global-ui.cgtn.com/static/public/images/header-v3/askchina.png]
[global-ui.cgtn.com/static/public/images/header-v3/mail.png]
[global-ui.cgtn.com/static/public/images/header-v3/sign.png]
[global-ui.cgtn.com/static/public/images/header-v3/message.png]
[global-ui.cgtn.com/static/public/images/header-v3/message2.png]
[global-ui.cgtn.com/static/public/images/header-v3/left.png]
[global-ui.cgtn.com/static/public/images/header-v3/more.png]
[global-ui.cgtn.com/static/public/images/icon/cgtn-pc-sprites.png]
[global-ui.cgtn.com/static/public/images/header_icon/cgtn_tumblr.png]
[global-ui.cgtn.com/static/public/images/header_icon/cgtn_googleplay.png]
[global-ui.cgtn.com/static/public/images/header_icon/cgtn_tiktok.png]
[global-ui.cgtn.com/static/public/images/header-v3/up.png]
[global-ui.cgtn.com/static/public/images/header-v3/down.png]
[global-ui.cgtn.com/static/public/images/header-v3/radio.png]
[global-ui.cgtn.com/static/public/images/header-v3/tv.png]
[global-ui.cgtn.com/static/public/images/header-v3/search.png]
[global-ui.cgtn.com/static/public/images/header-v3/down_black.png]
[global-ui.cgtn.com/static/public/images/header-v3/menu.png]
[global-ui.cgtn.com/static/public/images/header-v3/close.png]
[global-ui.cgtn.com/static/public/images/header-v3/up_black.png]
[global-ui.cgtn.com/static/public/images/header-v3/sign_new.png]
[global-ui.cgtn.com/static/public/images/header-v3/message_new.png]
[global-ui.cgtn.com/static/public/images/header-v3/message_new2.png]
[global-ui.cgtn.com/static/public/website_v3/css/header-v3-3.0.35771.css]
[ui.cgtn.com/static/public/images/header-v3/cgtn_logo_new.png]
[ui.cgtn.com/static/public/images/header-v3/download1.png]
[ui.cgtn.com/static/public/images/header-v3/download2.png]
[ui.cgtn.com/static/public/images/header-v3/download3.png]
[ui.cgtn.com/static/public/images/header-v3/download4.png]
[ui.cgtn.com/static/public/website_v3/css/footer-v3-3.0.35771.css]
[ui.cgtn.com/static/public/web_share_v3/css/${basePath}/fonts/HelveticaNeue/HelveticaNeueLTPro-Roman.ttf]
[ui.cgtn.com/static/public/web_share_v3/..fonts/sf-compact-display-regular-webfont.svg]
[ui.cgtn.com/static/public/fonts/HelvaticaGenerate/HelveticaLTProRoman.svg]
[ui.cgtn.com/static/public/fonts/HelvaticaGenerate/HelveticaLTProBlack.svg]
[ui.cgtn.com/static/public/images/icon/cgtn-zwt.png]
[ui.cgtn.com/static/public/images/icon/background-icon@3x.png]
[ui.cgtn.com/static/public/images/icon/video_number.png]
[ui.cgtn.com/static/public/images/icon/ic-left.png]
[ui.cgtn.com/static/public/images/icon/ic-right.png]
[ui.cgtn.com/static/public/images/icon/global@3x.png]
[ui.cgtn.com/static/public/images/share_icon/ref-left-reference-icon.png]
[ui.cgtn.com/static/public/images/share_icon/ref-right-reference-icon.png]
[ui.cgtn.com/static/public/images/icon/quiz-right.png]
[ui.cgtn.com/static/public/images/icon/quiz-wrong.png]
[ui.cgtn.com/static/public/images/share_icon/time@2x.png]
[ui.cgtn.com/static/public/images/share_icon/location@2x.png]
[ui.cgtn.com/static/public/images/share_icon/time-dark.png]
[ui.cgtn.com/static/public/images/share_icon/location-dark.png]
[ui.cgtn.com/static/public/images/searchTrends/logo-title.png]
[ui.cgtn.com/static/public/images/searchTrends/slogan.png]
[ui.cgtn.com/static/public/images/share_icon/icon-arrows1.png]
[ui.cgtn.com/static/public/images/share_icon/ga-logo.png]
[ui.cgtn.com/static/public/images/share_icon/icon-share.png]
[ui.cgtn.com/static/public/images/share_icon/icon-translate.png]
[ui.cgtn.com/static/public/images/share_icon/warning@2x.png]
[ui.cgtn.com/static/public/images/share_icon/microsoft@2x.png]
[ui.cgtn.com/static/public/web_share_v3/css/shareStyle-v3-3.0.35771.css]
[ui.cgtn.com/static/public/images/share_icon/cg_play_80.png]
[ui.cgtn.com/static/public/images/icon/btn_close.png]
[ui.cgtn.com/static/public/images/icon/icon_agree.png]
[ui.cgtn.com/static/public/website_v3/css/tools-3.0.35771.css]
[ui.cgtn.com/ui/audio/style.css]
[ui.cgtn.com/ui/vrplayer/videojs5/font/VideoJSd41d.eot]
[ui.cgtn.com/ui/vrplayer/videojs5/video-js.css]
[ui.cgtn.com/ui/vrplayer/panorama/videojs-panorama.css]
[ui.cgtn.com/static/public/web_share_v3/css/shareStyleForApp.css]
[news.cgtn.com/news/2025-10-05/Xin/webTracker.html]
[ui.cgtn.com/ui/vrplayer/videojs5/video.js]
[news.cgtn.com/news/2025-10-05/Xin/GET.90.delayed]
[news.cgtn.com/news/2025-10-05/Xin/THREE.SceneUtils has been moved to/examples/js/utils/SceneUtils.js]
[news.cgtn.com/news/2025-10-05/Xin/THREE.LensFlare has been moved to/examples/js/objects/Lensflare.js]
[ui.cgtn.com/ui/vrplayer/three.js]
[ui.cgtn.com/ui/vrplayer/panorama/videojs-panorama.v5.js]
[ui.cgtn.com/ui/360vr/index.js]
[news.cgtn.com/news/2025-10-05/Xin/{{contents.0.shareBody.html]
[news.cgtn.com/news/2025-10-05/Xin/{{contents.0.pictures.0.html]
[news.cgtn.com/news/2025-10-05/Xin/{{contents.0.videos.0.picture.html]
[www.facebook.com/wui/action/indexe568.html]
[www.facebook.com/wui/action/indexcc44.html]
[www.facebook.com/wui/action/index9e28.html]
[www.facebook.com/theaustralian.com.html]
[www.facebook.com/news.com.html]
[www.facebook.com/wui/action/index7921.html]
[www.facebook.com/wui/action/index1b9f.html]
[www.facebook.com/wui/action/index15ad.html]
[www.facebook.com/wui/action/index7540.html]
[static.xx.fbcdn.net/rsrc.php/y1/r/ay1hV6OlegS.ico]
[www.facebook.com/wui/action/index2f79.html]
[www.facebook.com/wui/action/indexc7d0.html]
[static.xx.fbcdn.net/rsrc.php/v5/y8/l/0,cross/6r3cL_UUmTaq_psudUmGo7fgQe914iiBfONMKn3YhINqU49pVNahkCk.css]
[static.xx.fbcdn.net/rsrc.php/v4/yZ/r/ZPtHaw45G66.js]
[static.xx.fbcdn.net/rsrc.php/v4idBq4/y_/l/en_US-j/2c4TXiNz5L1.js]
[static.xx.fbcdn.net/rsrc.php/v4i4z04/y4/l/en_US-j/FSHyeDw-wMis1d-AChmA5CuOw3LB60PU48Jo1mv-YO_L9F8X0pmztJChQetLM5y3C-eQrwwKiCYduhAwbNUEZx5Y.js]
[static.xx.fbcdn.net/rsrc.php/v4/yx/r/3iStw_8CY8OU-4ggqEfC3p.js]
[static.xx.fbcdn.net/rsrc.php/v4/yO/r/R2kIZV5e_-d.js]
[static.xx.fbcdn.net/rsrc.php/v4iwGM4/yv/l/en_US-j/NoqopUe9j1t1EzfLO3rFndjmpcyKqWSX0oqDg5SzRCxhE32YnBb6qKn8MLKTB8bPhlQFFtQP3rXaKyYD13V85S49Uo6j1Lw-kW51xGC4vm-KIGlRdeHDk1c1Q9whyUxL-kz0NW0KuttCcOOyqiE2QyexlSnsRUqcDL8vd]
[static.xx.fbcdn.net/rsrc.php/v4/yW/r/43ZtwEtGDiI.js]
[www.facebook.com/NGkp42.html]
[www.facebook.com/OmH1r6.html]
[www.facebook.com/qpZg8Z.html]
[www.facebook.com/kollosche.com.html]
[www.facebook.com/awstrack.html]
[www.facebook.com/jXIyQd.html]
[ui.cgtn.com/static/public/vendor/slick/fonts/slick.svg]
[ui.cgtn.com/static/public/vendor/slick/imgs/icon-left-arrow@2x.html]
[ui.cgtn.com/static/public/vendor/slick/imgs/icon-right-arrow@2x.html]
[ui.cgtn.com/static/public/web_share_v3/css/${basePath}/fonts/HelveticaNeue/HelveticaNeueLTPro-Roman.html]
[ui.cgtn.com/static/public/web_share_v3/..fonts/sf-compact-display-regular-webfont.html]
[ui.cgtn.com/static/public/fonts/HelvaticaGenerate/HelveticaLTProBold.svg]
[ui.cgtn.com/static/public/fonts/HelvaticaGenerate/HelveticaLTProRoman.svg]
[ui.cgtn.com/static/public/fonts/HelvaticaGenerate/HelveticaLTProBlack.svg]
[news.cgtn.com/news/2025-10-05/Xin/GET.html]
[news.cgtn.com/news/2025-10-05/Xin/THREE.SceneUtils has been moved to/examples/js/utils/SceneUtils.html]
[news.cgtn.com/news/2025-10-05/Xin/THREE.LensFlare has been moved to/examples/js/objects/Lensflare.html]
[www.facebook.com/wui/action/index1b9f.html]
[www.facebook.com/wui/action/index15ad.html]
[www.facebook.com/wui/action/index7921.html]
[www.facebook.com/wui/action/index7540.html]
[www.facebook.com/wui/action/indexc7d0.html]
[www.facebook.com/wui/action/index2f79.html]
[static.xx.fbcdn.net/rsrc.php/v4/yD/r/ao6H2M-nYik.png]
[static.xx.fbcdn.net/rsrc.php/v4/yi/r/kdflEA_aesP.png]
[static.xx.fbcdn.net/rsrc.php/v4/yn/r/EOUF3oTXGiI.png]
[static.xx.fbcdn.net/rsrc.php/v4/yr/r/1oIbFOlmCRC.png]
[static.xx.fbcdn.net/rsrc.php/v4/yi/r/3iLKL62SETg.png]
[static.xx.fbcdn.net/rsrc.php/y7/r/0IEando7xqx.svg]
[static.xx.fbcdn.net/rsrc.php/v4/yN/r/FRsUzm-CL-x.png]
[static.xx.fbcdn.net/rsrc.php/yJ/r/UpVepYKRNRL.svg]
[static.xx.fbcdn.net/rsrc.php/v4/yg/r/HScfXwW-eBV.png]
[static.xx.fbcdn.net/rsrc.php/v4/yM/r/EjrwCu92I94.gif]
[static.xx.fbcdn.net/rsrc.php/v4/yp/r/asdqGxXdj9t.png]
[static.xx.fbcdn.net/rsrc.php/v4/yC/r/SRtdZ-oOCib.png]
[static.xx.fbcdn.net/rsrc.php/v4/yv/r/Lp3IBW64oto.png]
[static.xx.fbcdn.net/rsrc.php/v4/yu/r/CTyurSF9YCT.png]
[static.xx.fbcdn.net/rsrc.php/yr/r/xnVQO2WqQax.svg]
[static.xx.fbcdn.net/rsrc.php/yP/r/NzwVvtTMlrU.svg]
[static.xx.fbcdn.net/rsrc.php/v4/yS/r/6wVtOkt39Vw.png]
[static.xx.fbcdn.net/rsrc.php/v4/yM/r/urKoO21gCSk.png]
[static.xx.fbcdn.net/rsrc.php/v4/yL/r/unHwF9CkMyM.png]
[static.xx.fbcdn.net/rsrc.php/v5/y8/l/0,cross/6r3cL_UUmTaq_psudUmGo7fgQe914iiBfONMKn3YhINqU49pVNahkCk.css]
[static.xx.fbcdn.net/rsrc.php/v4/yZ/r/ZPtHaw45G66.js]
[static.xx.fbcdn.net/rsrc.php/v4iwGM4/yv/l/en_US-j/NoqopUe9j1t1EzfLO3rFndjmpcyKqWSX0oqDg5SzRCxhE32YnBb6qKn8MLKTB8bPhlQFFtQP3rXaKyYD13V85S49Uo6j1Lw-kW51xGC4vm-KIGlRdeHDk1c1Q9whyUxL-kz0NW0KuttCcOOyqiE2QyexlSnsRUqcDL8vd]
[www.facebook.com/meta.html]
[www.facebook.com/images/profile/picture/silhouette/profile-default_180_light.png]
[scontent.xx.fbcdn.net/hads-ak-prn2/1487645_6012475414660_1439393861_n.png]
[static.xx.fbcdn.net/rsrc.php/v4i4z04/y4/l/en_US-j/FSHyeDw-wMis1d-AChmA5CuOw3LB60PU48Jo1mv-YO_L9F8X0pmztJChQetLM5y3C-eQrwwKiCYduhAwbNUEZx5Y.js]
[static.xx.fbcdn.net/rsrc.php/v4idBq4/y_/l/en_US-j/2c4TXiNz5L1.js]
[static.xx.fbcdn.net/rsrc.php/v4/yx/r/3iStw_8CY8OU-4ggqEfC3p.js]
[static.xx.fbcdn.net/rsrc.php/v4/yO/r/R2kIZV5e_-d.js]
[static.xx.fbcdn.net/rsrc.php/v4/yW/r/43ZtwEtGDiI.js]
[www.facebook.com/NGkp42.html]
[www.facebook.com/OmH1r6.html]
[www.facebook.com/qpZg8Z.html]
[www.facebook.com/jXIyQd.html]
[static.xx.fbcdn.net/rsrc.php/y7/r/0IEando7xqx.svg]
[static.xx.fbcdn.net/rsrc.php/yJ/r/UpVepYKRNRL.svg]
[static.xx.fbcdn.net/rsrc.php/yr/r/xnVQO2WqQax.svg]
[static.xx.fbcdn.net/rsrc.php/yP/r/NzwVvtTMlrU.svg]
[www.facebook.com/meta.html]
